// Jest Snapshot v1, https://goo.gl/fbAQLP

exports[`Puebas cons <Data /> Debe mostrarse correctamente 1`] = `
<p>
  Esto es una data
</p>
`;
